[www.warpedcigars.com/index.html]
[backblue.gif]
[fade.gif]
[index.html]
[www.warpedcigars.com/img/share.jpg]
[www.warpedcigars.com/apple-touch-icon.2.delayed]
[www.warpedcigars.com/apple-touch-icon.png]
[www.warpedcigars.com/favicon-32x32.png]
[www.warpedcigars.com/favicon-32x32.png]
[www.warpedcigars.com/favicon-16x16.6.delayed]
[www.warpedcigars.com/favicon-16x16.png]
[www.warpedcigars.com/site.webmanifest]
[www.warpedcigars.com/site.webmanifest]
[www.warpedcigars.com/safari-pinned-tab.svg]
[use.typekit.net/cyz8hzw.css]
[www.warpedcigars.com/css/boilerplate.css]
[www.warpedcigars.com/css/globalf913.css]
[www.warpedcigars.com/css/home6654.css]
[www.warpedcigars.com/css/global-desktop1b26.css]
[www.warpedcigars.com/story]
[www.warpedcigars.com/story.html]
[www.warpedcigars.com/videos/menu-bg.mp4]
[www.warpedcigars.com/videos/menu-bg.mp4]
[www.warpedcigars.com/authenticate]
[www.warpedcigars.com/authenticate.html]
[www.warpedcigars.com/contact.1b.delayed]
[www.warpedcigars.com/contact.html]
[www.warpedcigars.com/cigar-brands]
[www.warpedcigars.com/cigar-brands.html]
[www.warpedcigars.com/retailers.1f.delayed]
[www.warpedcigars.com/retailers.html]
[www.warpedcigars.com/blog.21.delayed]
[www.warpedcigars.com/blog.html]
[www.warpedcigars.com/legal-terms]
[www.warpedcigars.com/legal-terms.html]
[cdnjs.cloudflare.com/ajax/libs/jquery/3.3.1/jquery.min.js]
[cdnjs.cloudflare.com/ajax/libs/jquery-easing/1.4.1/jquery.easing.min.js]
[cdnjs.cloudflare.com/ajax/libs/smoothscroll/1.4.9/SmoothScroll.min.js]
[www.warpedcigars.com/js/modernizr-custom.28.delayed]
[www.warpedcigars.com/js/modernizr-custom.js]
[www.warpedcigars.com/js/global.2a4b6d.delayed]
[www.warpedcigars.com/js/global4b6d.js]
[www.warpedcigars.com/js/home.js]
[www.warpedcigars.com/js/home.js]
[www.warpedcigars.com/service-worker.js]
[www.warpedcigars.com/service-worker.js]
[www.warpedcigars.com/index.html]
[www.warpedcigars.com/safari-pinned-tab.svg]
[use.typekit.net/af/adf251/00000000000000000000d834/27/le196]
[use.typekit.net/af/adf251/00000000000000000000d834/27/de196]
[use.typekit.net/af/adf251/00000000000000000000d834/27/ae196]
[use.typekit.net/af/c0afc3/00000000000000000000d835/27/lfdcc]
[use.typekit.net/af/c0afc3/00000000000000000000d835/27/dfdcc]
[use.typekit.net/af/c0afc3/00000000000000000000d835/27/afdcc]
[use.typekit.net/af/a358fc/00000000000000000000d836/27/l652f]
[use.typekit.net/af/a358fc/00000000000000000000d836/27/d652f]
[use.typekit.net/af/a358fc/00000000000000000000d836/27/a652f]
[use.typekit.net/af/27d1c7/00000000000000000000d837/27/le265]
[use.typekit.net/af/27d1c7/00000000000000000000d837/27/de265]
[use.typekit.net/af/27d1c7/00000000000000000000d837/27/ae265]
[use.typekit.net/af/daa52e/0000000000000000000132c5/27/l3eab]
[use.typekit.net/af/daa52e/0000000000000000000132c5/27/d3eab]
[use.typekit.net/af/daa52e/0000000000000000000132c5/27/a3eab]
[use.typekit.net/af/dcfc24/0000000000000000000132c7/27/le003]
[use.typekit.net/af/dcfc24/0000000000000000000132c7/27/de003]
[use.typekit.net/af/dcfc24/0000000000000000000132c7/27/ae003]
[use.typekit.net/af/483ddc/0000000000000000000132c9/27/l5bba]
[use.typekit.net/af/483ddc/0000000000000000000132c9/27/d5bba]
[use.typekit.net/af/483ddc/0000000000000000000132c9/27/a5bba]
[use.typekit.net/af/ef2129/00000000000000003b9b387c/27/le196]
[use.typekit.net/af/ef2129/00000000000000003b9b387c/27/de196]
[use.typekit.net/af/ef2129/00000000000000003b9b387c/27/ae196]
[use.typekit.net/af/403911/00000000000000003b9b3880/27/l5bba]
[use.typekit.net/af/403911/00000000000000003b9b3880/27/d5bba]
[use.typekit.net/af/403911/00000000000000003b9b3880/27/a5bba]
[use.typekit.net/af/aa1d64/00000000000000003b9b387a/27/l3eab]
[use.typekit.net/af/aa1d64/00000000000000003b9b387a/27/d3eab]
[use.typekit.net/cyz8hzw.css]
[www.warpedcigars.com/css/boilerplate.css]
[use.typekit.net/af/aa1d64/00000000000000003b9b387a/27/a3eab]
[www.warpedcigars.com/img/preloader-gradient.png]
[www.warpedcigars.com/css/globalf913.css]
[www.warpedcigars.com/img/home/home-bg1.webp]
[www.warpedcigars.com/img/home/home-bg2.webp]
[www.warpedcigars.com/img/home/home-bg3.webp]
[www.warpedcigars.com/img/home/home-bg4.webp]
[www.warpedcigars.com/img/home/home-bg1.jpg]
[www.warpedcigars.com/img/home/home-bg2.jpg]
[www.warpedcigars.com/img/home/home-bg3.jpg]
[www.warpedcigars.com/img/home/home-bg4.jpg]
[www.warpedcigars.com/img/home/home-bg1-tablet.webp]
[www.warpedcigars.com/img/home/home-bg2-tablet.webp]
[www.warpedcigars.com/img/home/home-bg3-tablet.webp]
[www.warpedcigars.com/img/home/home-bg4-tablet.webp]
[www.warpedcigars.com/img/home/home-bg1-tablet.jpg]
[www.warpedcigars.com/img/home/home-bg2-tablet.jpg]
[www.warpedcigars.com/img/home/home-bg3-tablet.jpg]
[www.warpedcigars.com/img/home/home-bg4-tablet.jpg]
[www.warpedcigars.com/img/home/home-bg1-mobile.webp]
[www.warpedcigars.com/img/home/home-bg2-mobile.webp]
[www.warpedcigars.com/img/home/home-bg3-mobile.webp]
[www.warpedcigars.com/img/home/home-bg4-mobile.webp]
[www.warpedcigars.com/img/home/home-bg2-mobile.jpg]
[www.warpedcigars.com/img/home/home-bg3-mobile.jpg]
[www.warpedcigars.com/img/home/home-bg4-mobile.jpg]
[www.warpedcigars.com/css/home6654.css]
[www.warpedcigars.com/img/menu-bg1.webp]
[www.warpedcigars.com/img/menu-bg2.webp]
[www.warpedcigars.com/img/menu-bg3.webp]
[www.warpedcigars.com/img/menu-bg4.webp]
[www.warpedcigars.com/img/menu-bg1.jpg]
[www.warpedcigars.com/img/menu-bg2.jpg]
[www.warpedcigars.com/img/menu-bg3.jpg]
[www.warpedcigars.com/img/menu-bg4.jpg]
[www.warpedcigars.com/css/global-desktop1b26.css]
[www.warpedcigars.com/css/global.704ec9.delayed]
[www.warpedcigars.com/css/story.72.delayed]
[www.warpedcigars.com/img/story/kyle-gellis.jpg]
[www.warpedcigars.com/img/story/kyle-gellis.jpg]
[www.warpedcigars.com/img/story/story-img3.jpg]
[www.warpedcigars.com/img/story/story-img3.jpg]
[www.warpedcigars.com/img/story/story-img5.78.delayed]
[www.warpedcigars.com/img/story/story-img5.jpg]
[www.warpedcigars.com/story/story-img2.7a.delayed]
[www.warpedcigars.com/story/story-img2.html]
[www.warpedcigars.com/story/story-img3.7c.delayed]
[www.warpedcigars.com/story/story-img3.html]
[www.warpedcigars.com/story/story-img4.jpg]
[www.warpedcigars.com/story/story-img4.html]
[www.warpedcigars.com/js/story6654.js]
[www.warpedcigars.com/js/story6654.js]
[www.warpedcigars.com/story.html]
[www.warpedcigars.com/css/globale16a.css]
[www.warpedcigars.com/css/authenticate.css]
[www.warpedcigars.com/authenticate-bg.86.delayed]
[www.warpedcigars.com/authenticate-bg.jpg]
[www.warpedcigars.com/authenticate-bg-tablet.jpg]
[www.warpedcigars.com/authenticate-bg-tablet.jpg]
[www.warpedcigars.com/authenticate-bg-mobile.jpg]
[www.warpedcigars.com/authenticate-bg-mobile.jpg]
[www.warpedcigars.com/js/authenticate6654.js]
[www.warpedcigars.com/js/authenticate6654.js]
[www.warpedcigars.com/authenticate.html]
[www.warpedcigars.com/css/globalceb8.css]
[www.warpedcigars.com/css/fontello.css]
[www.warpedcigars.com/css/contact.926654.delayed]
[www.warpedcigars.com/contact-bg.jpg]
[www.warpedcigars.com/contact-bg.jpg]
[www.warpedcigars.com/contact-bg-tablet.jpg]
[www.warpedcigars.com/contact-bg-tablet.jpg]
[www.warpedcigars.com/contact-bg-mobile.jpg]
[www.warpedcigars.com/contact-bg-mobile.jpg]
[www.warpedcigars.com/js/contact6654.js]
[www.warpedcigars.com/js/contact6654.js]
[www.warpedcigars.com/contact.html]
[www.warpedcigars.com/css/global68c9.css]
[www.warpedcigars.com/css/cigar-brands.css]
[www.warpedcigars.com/img/cigar-brands/1/main.a0.delayed]
[www.warpedcigars.com/img/cigar-brands/1/main.jpg]
[www.warpedcigars.com/img/cigar-brands/7/main.jpg]
[www.warpedcigars.com/img/cigar-brands/7/main.jpg]
[www.warpedcigars.com/img/cigar-brands/5/main.jpg]
[www.warpedcigars.com/img/cigar-brands/5/main.jpg]
[www.warpedcigars.com/img/cigar-brands/3/main.a6.delayed]
[www.warpedcigars.com/img/cigar-brands/3/main.jpg]
[www.warpedcigars.com/img/cigar-brands/8/main.a8.delayed]
[www.warpedcigars.com/img/cigar-brands/8/main.jpg]
[www.warpedcigars.com/img/cigar-brands/6/main.aa.delayed]
[www.warpedcigars.com/img/cigar-brands/6/main.jpg]
[www.warpedcigars.com/img/cigar-brands/9/main.ac.delayed]
[www.warpedcigars.com/img/cigar-brands/9/main.jpg]
[www.warpedcigars.com/img/cigar-brands/2/main.jpg]
[www.warpedcigars.com/img/cigar-brands/2/main.jpg]
[www.warpedcigars.com/img/cigar-brands/4/main.b0.delayed]
[www.warpedcigars.com/img/cigar-brands/4/main.jpg]
[www.warpedcigars.com/img/cigar-brands/1/gallery-mobile.b2.delayed]
[www.warpedcigars.com/img/cigar-brands/1/gallery-mobile.jpg]
[www.warpedcigars.com/img/cigar-brands/1/main-tablet.b4.delayed]
[www.warpedcigars.com/img/cigar-brands/1/main-tablet.jpg]
[www.warpedcigars.com/img/cigar-brands/7/gallery-mobile.b6.delayed]
[www.warpedcigars.com/img/cigar-brands/7/gallery-mobile.jpg]
[www.warpedcigars.com/img/cigar-brands/7/main-tablet.b8.delayed]
[www.warpedcigars.com/img/cigar-brands/7/main-tablet.jpg]
[www.warpedcigars.com/img/cigar-brands/5/gallery-mobile.jpg]
[www.warpedcigars.com/img/cigar-brands/5/gallery-mobile.jpg]
[www.warpedcigars.com/img/cigar-brands/5/main-tablet.bc.delayed]
[www.warpedcigars.com/img/cigar-brands/5/main-tablet.jpg]
[www.warpedcigars.com/img/cigar-brands/3/gallery-mobile.jpg]
[www.warpedcigars.com/img/cigar-brands/3/gallery-mobile.jpg]
[www.warpedcigars.com/img/cigar-brands/3/main-tablet.c0.delayed]
[www.warpedcigars.com/img/cigar-brands/3/main-tablet.jpg]
[www.warpedcigars.com/img/cigar-brands/8/gallery-mobile.c2.delayed]
[www.warpedcigars.com/img/cigar-brands/8/gallery-mobile.jpg]
[www.warpedcigars.com/img/cigar-brands/8/main-tablet.c4.delayed]
[www.warpedcigars.com/img/cigar-brands/8/main-tablet.jpg]
[www.warpedcigars.com/img/cigar-brands/6/gallery-mobile.c6.delayed]
[www.warpedcigars.com/img/cigar-brands/6/gallery-mobile.jpg]
[www.warpedcigars.com/img/cigar-brands/6/main-tablet.c8.delayed]
[www.warpedcigars.com/img/cigar-brands/6/main-tablet.jpg]
[www.warpedcigars.com/img/cigar-brands/9/gallery-mobile.ca.delayed]
[www.warpedcigars.com/img/cigar-brands/9/gallery-mobile.jpg]
[www.warpedcigars.com/img/cigar-brands/9/main-tablet.cc.delayed]
[www.warpedcigars.com/img/cigar-brands/9/main-tablet.jpg]
[www.warpedcigars.com/img/cigar-brands/2/gallery-mobile.jpg]
[www.warpedcigars.com/img/cigar-brands/2/gallery-mobile.jpg]
[www.warpedcigars.com/img/cigar-brands/2/main-tablet.d0.delayed]
[www.warpedcigars.com/img/cigar-brands/2/main-tablet.jpg]
[www.warpedcigars.com/img/cigar-brands/4/gallery-mobile.d2.delayed]
[www.warpedcigars.com/img/cigar-brands/4/gallery-mobile.jpg]
[www.warpedcigars.com/img/cigar-brands/4/main-tablet.d4.delayed]
[www.warpedcigars.com/img/cigar-brands/4/main-tablet.jpg]
[www.warpedcigars.com/img/cigar-brands/1/main-mobile.d6.delayed]
[www.warpedcigars.com/img/cigar-brands/1/main-mobile.jpg]
[www.warpedcigars.com/img/cigar-brands/7/main-mobile.jpg]
[www.warpedcigars.com/img/cigar-brands/7/main-mobile.jpg]
[www.warpedcigars.com/img/cigar-brands/5/main-mobile.da.delayed]
[www.warpedcigars.com/img/cigar-brands/5/main-mobile.jpg]
[www.warpedcigars.com/img/cigar-brands/3/main-mobile.dc.delayed]
[www.warpedcigars.com/img/cigar-brands/3/main-mobile.jpg]
[www.warpedcigars.com/img/cigar-brands/8/main-mobile.de.delayed]
[www.warpedcigars.com/img/cigar-brands/8/main-mobile.jpg]
[www.warpedcigars.com/img/cigar-brands/6/main-mobile.e0.delayed]
[www.warpedcigars.com/img/cigar-brands/6/main-mobile.jpg]
[www.warpedcigars.com/img/cigar-brands/9/main-mobile.jpg]
[www.warpedcigars.com/img/cigar-brands/9/main-mobile.jpg]
[www.warpedcigars.com/img/cigar-brands/2/main-mobile.e4.delayed]
[www.warpedcigars.com/img/cigar-brands/2/main-mobile.jpg]
[www.warpedcigars.com/img/cigar-brands/4/main-mobile.e6.delayed]
[www.warpedcigars.com/img/cigar-brands/4/main-mobile.jpg]
[www.warpedcigars.com/cigar-brands/maestro-del-tiempo.e8.delayed]
[www.warpedcigars.com/cigar-brands/maestro-del-tiempo.html]
[www.warpedcigars.com/cigar-brands/la-hacienda.ea.delayed]
[www.warpedcigars.com/cigar-brands/la-hacienda.html]
[www.warpedcigars.com/cigar-brands/corto]
[www.warpedcigars.com/cigar-brands/corto.html]
[www.warpedcigars.com/cigar-brands/serie-gran-reserva-1988]
[www.warpedcigars.com/cigar-brands/serie-gran-reserva-1988.html]
[www.warpedcigars.com/cigar-brands/la-colmena]
[www.warpedcigars.com/cigar-brands/la-colmena.html]
[www.warpedcigars.com/cigar-brands/flor-del-valle]
[www.warpedcigars.com/cigar-brands/flor-del-valle.html]
[www.warpedcigars.com/cigar-brands/lirio-rojo.f4.delayed]
[www.warpedcigars.com/cigar-brands/lirio-rojo.html]
[www.warpedcigars.com/cigar-brands/don-reynaldo]
[www.warpedcigars.com/cigar-brands/don-reynaldo.html]
[www.warpedcigars.com/cigar-brands/la-relatos]
[www.warpedcigars.com/cigar-brands/la-relatos.html]
[www.warpedcigars.com/cigar-brands/7/main.jpg]
[www.warpedcigars.com/cigar-brands/7/main.jpg]
[www.warpedcigars.com/cigar-brands/5/main.jpg]
[www.warpedcigars.com/cigar-brands/5/main.jpg]
[www.warpedcigars.com/cigar-brands/3/main.jpg]
[www.warpedcigars.com/cigar-brands/3/main.jpg]
[www.warpedcigars.com/cigar-brands/8/main.jpg]
[www.warpedcigars.com/cigar-brands/8/main.jpg]
[www.warpedcigars.com/cigar-brands/6/main.jpg]
[www.warpedcigars.com/cigar-brands/6/main.jpg]
[www.warpedcigars.com/cigar-brands/9/main.jpg]
[www.warpedcigars.com/cigar-brands/9/main.jpg]
[www.warpedcigars.com/cigar-brands/2/main.jpg]
[www.warpedcigars.com/cigar-brands/2/main.jpg]
[www.warpedcigars.com/main.jpg]
[www.warpedcigars.com/main.jpg]
[www.warpedcigars.com/gallery-mobile.jpg]
[www.warpedcigars.com/gallery-mobile.jpg]
[www.warpedcigars.com/js/cigar-brands6654.js]
[www.warpedcigars.com/js/cigar-brands6654.js]
[www.warpedcigars.com/cigar-brands.html]
[www.warpedcigars.com/css/globala677.css]
[www.warpedcigars.com/css/retailers.css]
[www.warpedcigars.com/js/retailers.js]
[www.warpedcigars.com/js/retailers.js]
[www.warpedcigars.com/retailers.html]
[www.warpedcigars.com/css/globald30d.css]
[www.warpedcigars.com/css/blog.116.delayed]
[www.warpedcigars.com/blog/category/cigars]
[www.warpedcigars.com/blog/category/cigars.html]
[www.warpedcigars.com/blog/category/news]
[www.warpedcigars.com/blog/category/news.html]
[www.warpedcigars.com/blog/sky-flower-2019-retailers]
[www.warpedcigars.com/blog/sky-flower-2019-retailers.html]
[www.warpedcigars.com/img/blog/7/main.jpg]
[www.warpedcigars.com/img/blog/7/main.jpg]
[www.warpedcigars.com/blog/frequently-asked]
[www.warpedcigars.com/blog/frequently-asked.html]
[www.warpedcigars.com/img/blog/6/main.122.delayed]
[www.warpedcigars.com/img/blog/6/main.jpg]
[www.warpedcigars.com/blog/return-from-tabsa.124.delayed]
[www.warpedcigars.com/blog/return-from-tabsa.html]
[www.warpedcigars.com/img/blog/5/main.126.delayed]
[www.warpedcigars.com/img/blog/5/main.jpg]
[www.warpedcigars.com/blog/holiday-excitement-lirio-rojo.128.delayed]
[www.warpedcigars.com/blog/holiday-excitement-lirio-rojo.html]
[www.warpedcigars.com/img/blog/4/main.12a.delayed]
[www.warpedcigars.com/img/blog/4/main.jpg]
[www.warpedcigars.com/blog/how-to-make-cuban-coffee-or-cafe-cubano.12c.delayed]
[www.warpedcigars.com/blog/how-to-make-cuban-coffee-or-cafe-cubano.html]
[www.warpedcigars.com/img/blog/1/main.12e.delayed]
[www.warpedcigars.com/img/blog/1/main.jpg]
[www.warpedcigars.com/js/blog.1306654.delayed]
[www.warpedcigars.com/js/blog6654.js]
[www.warpedcigars.com/blog.html]
[www.warpedcigars.com/css/global.1320b1f.delayed]
[www.warpedcigars.com/css/legal-terms.134.delayed]
[www.warpedcigars.com/js/legal-terms.1366654.delayed]
[www.warpedcigars.com/js/legal-terms6654.js]
[www.warpedcigars.com/legal-terms.html]
[p.typekit.net/p58ca.css]
[www.warpedcigars.com/css/global4ec9.css]
[www.warpedcigars.com/img/home/home-bg1-mobile.jpg]
[www.warpedcigars.com/img/story/story-img2.jpg]
[www.warpedcigars.com/img/story/story-img4.jpg]
[www.warpedcigars.com/css/story.css]
[www.warpedcigars.com/css/global.13a3a2d.delayed]
[www.warpedcigars.com/story/story-img2.html]
[www.warpedcigars.com/css/global.13c8614.delayed]
[www.warpedcigars.com/story/story-img3.html]
[www.warpedcigars.com/css/global.13e5a77.delayed]
[www.warpedcigars.com/story/story-img4.html]
[www.warpedcigars.com/css/globale16a.css]
[www.warpedcigars.com/img/authenticate-bg.jpg]
[www.warpedcigars.com/img/authenticate-progress.png]
[www.warpedcigars.com/img/authenticate-info.jpg]
[www.warpedcigars.com/img/authenticate-bg-tablet.jpg]
[www.warpedcigars.com/img/authenticate-bg-mobile.jpg]
[www.warpedcigars.com/css/authenticate.css]
[www.warpedcigars.com/css/globalceb8.css]
[www.warpedcigars.com/font/fontello2adf.eot]
[www.warpedcigars.com/font/fontello2adf.woff2]
[www.warpedcigars.com/font/fontello2adf.woff]
[www.warpedcigars.com/font/fontello2adf.ttf]
[www.warpedcigars.com/css/fontello.css]
[www.warpedcigars.com/img/contact-bg.jpg]
[www.warpedcigars.com/img/contact-bg-tablet.jpg]
[www.warpedcigars.com/img/contact-bg-mobile.jpg]
[www.warpedcigars.com/css/contact6654.css]
[www.warpedcigars.com/css/global68c9.css]
[www.warpedcigars.com/css/cigar-brands.css]
[www.warpedcigars.com/css/global.14e9412.delayed]
[www.warpedcigars.com/css/cigar-brand.150.delayed]
[www.warpedcigars.com/img/cigar-brands/1/logo.gif]
[www.warpedcigars.com/img/cigar-brands/1/logo.gif]
[www.warpedcigars.com/img/cigar-brands/1/3.png]
[www.warpedcigars.com/img/cigar-brands/1/3.png]
[www.warpedcigars.com/img/cigar-brands/1/3-mobile.png]
[www.warpedcigars.com/img/cigar-brands/1/3-mobile.png]
[www.warpedcigars.com/img/cigar-brands/1/4.158.delayed]
[www.warpedcigars.com/img/cigar-brands/1/4.png]
[www.warpedcigars.com/img/cigar-brands/1/4-mobile.15a.delayed]
[www.warpedcigars.com/img/cigar-brands/1/4-mobile.png]
[www.warpedcigars.com/img/cigar-brands/1/info.15c.delayed]
[www.warpedcigars.com/img/cigar-brands/1/info.jpg]
[www.warpedcigars.com/cigar-brands/1/info.15e.delayed]
[www.warpedcigars.com/cigar-brands/1/info.15f.delayed]
[www.warpedcigars.com/cigar-brands/1/3.160.delayed]
[www.warpedcigars.com/cigar-brands/1/3.161.delayed]
[www.warpedcigars.com/cigar-brands/1/3-mobile.162.delayed]
[www.warpedcigars.com/cigar-brands/1/3-mobile.png]
[www.warpedcigars.com/cigar-brands/1/4.png]
[www.warpedcigars.com/cigar-brands/1/4.png]
[www.warpedcigars.com/cigar-brands/7/main.jpg]
[www.warpedcigars.com/cigar-brands/7/main.jpg]
[www.warpedcigars.com/cigar-brands/5/main.jpg]
[www.warpedcigars.com/cigar-brands/5/main.jpg]
[www.warpedcigars.com/cigar-brands/3/main.jpg]
[www.warpedcigars.com/cigar-brands/3/main.16b.delayed]
[www.warpedcigars.com/cigar-brands/8/main.16c.delayed]
[www.warpedcigars.com/cigar-brands/8/main.16d.delayed]
[www.warpedcigars.com/cigar-brands/6/main.16e.delayed]
[www.warpedcigars.com/cigar-brands/6/main.jpg]
[www.warpedcigars.com/cigar-brands/9/main.jpg]
[www.warpedcigars.com/cigar-brands/9/main.jpg]
[www.warpedcigars.com/cigar-brands/2/main.jpg]
[www.warpedcigars.com/cigar-brands/2/main.jpg]
[www.warpedcigars.com/main.jpg]
[www.warpedcigars.com/main.175.delayed]
[www.warpedcigars.com/gallery-mobile.176.delayed]
[www.warpedcigars.com/gallery-mobile.jpg]
[www.warpedcigars.com/js/cigar-brand6654.js]
[www.warpedcigars.com/js/cigar-brand6654.js]
[www.warpedcigars.com/cigar-brands/maestro-del-tiempo.html]
[www.warpedcigars.com/css/global3a6c.css]
[www.warpedcigars.com/img/cigar-brands/7/logo.gif]
[www.warpedcigars.com/img/cigar-brands/7/logo.gif]
[www.warpedcigars.com/img/cigar-brands/7/8.17e.delayed]
[www.warpedcigars.com/img/cigar-brands/7/8.png]
[www.warpedcigars.com/img/cigar-brands/7/8-mobile.180.delayed]
[www.warpedcigars.com/img/cigar-brands/7/8-mobile.png]
[www.warpedcigars.com/img/cigar-brands/7/9.182.delayed]
[www.warpedcigars.com/img/cigar-brands/7/9.png]
[www.warpedcigars.com/img/cigar-brands/7/9-mobile.184.delayed]
[www.warpedcigars.com/img/cigar-brands/7/9-mobile.png]
[www.warpedcigars.com/img/cigar-brands/7/info.186.delayed]
[www.warpedcigars.com/img/cigar-brands/7/info.jpg]
[www.warpedcigars.com/cigar-brands/7/info.188.delayed]
[www.warpedcigars.com/cigar-brands/7/info.189.delayed]
[www.warpedcigars.com/cigar-brands/7/8.18a.delayed]
[www.warpedcigars.com/cigar-brands/7/8.png]
[www.warpedcigars.com/cigar-brands/7/8-mobile.png]
[www.warpedcigars.com/cigar-brands/7/8-mobile.png]
[www.warpedcigars.com/cigar-brands/7/9.png]
[www.warpedcigars.com/cigar-brands/7/9.png]
[www.warpedcigars.com/cigar-brands/7/main.jpg]
[www.warpedcigars.com/cigar-brands/7/main.jpg]
[www.warpedcigars.com/cigar-brands/5/main.jpg]
[www.warpedcigars.com/cigar-brands/5/main.jpg]
[www.warpedcigars.com/cigar-brands/3/main.jpg]
[www.warpedcigars.com/cigar-brands/6/main.jpg]
[www.warpedcigars.com/cigar-brands/9/main.jpg]
[www.warpedcigars.com/cigar-brands/9/main.jpg]
[www.warpedcigars.com/cigar-brands/2/main.jpg]
[www.warpedcigars.com/cigar-brands/2/main.jpg]
[www.warpedcigars.com/main.jpg]
[www.warpedcigars.com/gallery-mobile.jpg]
[www.warpedcigars.com/cigar-brands/la-hacienda.html]
[www.warpedcigars.com/css/global5ffa.css]
[www.warpedcigars.com/img/cigar-brands/5/logo.gif]
[www.warpedcigars.com/img/cigar-brands/5/logo.gif]
[www.warpedcigars.com/img/cigar-brands/5/6.png]
[www.warpedcigars.com/img/cigar-brands/5/6.png]
[www.warpedcigars.com/img/cigar-brands/5/6-mobile.1a8.delayed]
[www.warpedcigars.com/img/cigar-brands/5/6-mobile.png]
[www.warpedcigars.com/img/cigar-brands/5/info.1aa.delayed]
[www.warpedcigars.com/img/cigar-brands/5/info.jpg]
[www.warpedcigars.com/cigar-brands/5/info.1ac.delayed]
[www.warpedcigars.com/cigar-brands/5/info.1ad.delayed]
[www.warpedcigars.com/cigar-brands/5/6.png]
[www.warpedcigars.com/cigar-brands/5/6.png]
[www.warpedcigars.com/cigar-brands/7/main.jpg]
[www.warpedcigars.com/cigar-brands/7/main.jpg]
[www.warpedcigars.com/cigar-brands/5/main.jpg]
[www.warpedcigars.com/cigar-brands/5/main.jpg]
[www.warpedcigars.com/cigar-brands/3/main.jpg]
[www.warpedcigars.com/cigar-brands/6/main.jpg]
[www.warpedcigars.com/cigar-brands/9/main.jpg]
[www.warpedcigars.com/cigar-brands/9/main.jpg]
[www.warpedcigars.com/cigar-brands/2/main.jpg]
[www.warpedcigars.com/cigar-brands/2/main.jpg]
[www.warpedcigars.com/main.jpg]
[www.warpedcigars.com/gallery-mobile.jpg]
[www.warpedcigars.com/cigar-brands/corto.html]
[www.warpedcigars.com/css/globaladc9.css]
[www.warpedcigars.com/img/cigar-brands/3/logo.gif]
[www.warpedcigars.com/img/cigar-brands/3/logo.gif]
[www.warpedcigars.com/img/cigar-brands/3/7.png]
[www.warpedcigars.com/img/cigar-brands/3/7.png]
[www.warpedcigars.com/img/cigar-brands/3/7-mobile.1c8.delayed]
[www.warpedcigars.com/img/cigar-brands/3/7-mobile.png]
[www.warpedcigars.com/img/cigar-brands/3/info.1ca.delayed]
[www.warpedcigars.com/img/cigar-brands/3/info.jpg]
[www.warpedcigars.com/cigar-brands/3/info.1cc.delayed]
[www.warpedcigars.com/cigar-brands/3/info.1cd.delayed]
[www.warpedcigars.com/cigar-brands/3/7.1ce.delayed]
[www.warpedcigars.com/cigar-brands/3/7.png]
[www.warpedcigars.com/cigar-brands/7/main.jpg]
[www.warpedcigars.com/cigar-brands/7/main.jpg]
[www.warpedcigars.com/cigar-brands/5/main.jpg]
[www.warpedcigars.com/cigar-brands/5/main.jpg]
[www.warpedcigars.com/cigar-brands/3/main.jpg]
[www.warpedcigars.com/cigar-brands/6/main.jpg]
[www.warpedcigars.com/cigar-brands/9/main.jpg]
[www.warpedcigars.com/cigar-brands/9/main.jpg]
[www.warpedcigars.com/cigar-brands/2/main.jpg]
[www.warpedcigars.com/cigar-brands/2/main.jpg]
[www.warpedcigars.com/main.jpg]
[www.warpedcigars.com/gallery-mobile.jpg]
[www.warpedcigars.com/cigar-brands/serie-gran-reserva-1988.html]
[www.warpedcigars.com/css/global1ba4.css]
[www.warpedcigars.com/img/cigar-brands/8/logo.gif]
[www.warpedcigars.com/img/cigar-brands/8/logo.gif]
[www.warpedcigars.com/img/cigar-brands/8/2.png]
[www.warpedcigars.com/img/cigar-brands/8/2.png]
[www.warpedcigars.com/img/cigar-brands/8/2-mobile.1e8.delayed]
[www.warpedcigars.com/img/cigar-brands/8/2-mobile.png]
[www.warpedcigars.com/img/cigar-brands/8/info.1ea.delayed]
[www.warpedcigars.com/img/cigar-brands/8/info.jpg]
[www.warpedcigars.com/cigar-brands/8/info.1ec.delayed]
[www.warpedcigars.com/cigar-brands/8/info.1ed.delayed]
[www.warpedcigars.com/cigar-brands/8/2.1ee.delayed]
[www.warpedcigars.com/cigar-brands/8/2.png]
[www.warpedcigars.com/cigar-brands/7/main.jpg]
[www.warpedcigars.com/cigar-brands/7/main.jpg]
[www.warpedcigars.com/cigar-brands/5/main.jpg]
[www.warpedcigars.com/cigar-brands/5/main.jpg]
[www.warpedcigars.com/cigar-brands/3/main.jpg]
[www.warpedcigars.com/cigar-brands/6/main.jpg]
[www.warpedcigars.com/cigar-brands/9/main.jpg]
[www.warpedcigars.com/cigar-brands/9/main.jpg]
[www.warpedcigars.com/cigar-brands/2/main.jpg]
[www.warpedcigars.com/cigar-brands/2/main.jpg]
[www.warpedcigars.com/main.jpg]
[www.warpedcigars.com/gallery-mobile.jpg]
[www.warpedcigars.com/cigar-brands/la-colmena.html]
[www.warpedcigars.com/css/global.202a431.delayed]
[www.warpedcigars.com/img/cigar-brands/6/logo.204.delayed]
[www.warpedcigars.com/img/cigar-brands/6/logo.gif]
[www.warpedcigars.com/img/cigar-brands/6/5.206.delayed]
[www.warpedcigars.com/img/cigar-brands/6/5.png]
[www.warpedcigars.com/img/cigar-brands/6/5-mobile.208.delayed]
[www.warpedcigars.com/img/cigar-brands/6/5-mobile.png]
[www.warpedcigars.com/img/cigar-brands/6/info.20a.delayed]
[www.warpedcigars.com/img/cigar-brands/6/info.jpg]
[www.warpedcigars.com/cigar-brands/6/info.20c.delayed]
[www.warpedcigars.com/cigar-brands/6/info.20d.delayed]
[www.warpedcigars.com/cigar-brands/6/5.png]
[www.warpedcigars.com/cigar-brands/6/5.png]
[www.warpedcigars.com/cigar-brands/7/main.jpg]
[www.warpedcigars.com/cigar-brands/7/main.jpg]
[www.warpedcigars.com/cigar-brands/5/main.jpg]
[www.warpedcigars.com/cigar-brands/5/main.jpg]
[www.warpedcigars.com/cigar-brands/3/main.jpg]
[www.warpedcigars.com/cigar-brands/6/main.jpg]
[www.warpedcigars.com/cigar-brands/9/main.jpg]
[www.warpedcigars.com/cigar-brands/9/main.jpg]
[www.warpedcigars.com/cigar-brands/2/main.jpg]
[www.warpedcigars.com/cigar-brands/2/main.jpg]
[www.warpedcigars.com/main.jpg]
[www.warpedcigars.com/gallery-mobile.jpg]
[www.warpedcigars.com/cigar-brands/flor-del-valle.html]
[www.warpedcigars.com/css/globalfff4.css]
[www.warpedcigars.com/img/cigar-brands/9/logo.gif]
[www.warpedcigars.com/img/cigar-brands/9/logo.gif]
[www.warpedcigars.com/img/cigar-brands/9/11.226.delayed]
[www.warpedcigars.com/img/cigar-brands/9/11.png]
[www.warpedcigars.com/img/cigar-brands/9/11-mobile.png]
[www.warpedcigars.com/img/cigar-brands/9/11-mobile.png]
[www.warpedcigars.com/img/cigar-brands/9/info.22a.delayed]
[www.warpedcigars.com/img/cigar-brands/9/info.jpg]
[www.warpedcigars.com/cigar-brands/9/info.jpg]
[www.warpedcigars.com/cigar-brands/9/info.22d.delayed]
[www.warpedcigars.com/cigar-brands/9/11.22e.delayed]
[www.warpedcigars.com/cigar-brands/9/11.22f.delayed]
[www.warpedcigars.com/cigar-brands/7/main.230.delayed]
[www.warpedcigars.com/cigar-brands/7/main.jpg]
[www.warpedcigars.com/cigar-brands/5/main.jpg]
[www.warpedcigars.com/cigar-brands/5/main.jpg]
[www.warpedcigars.com/cigar-brands/3/main.jpg]
[www.warpedcigars.com/cigar-brands/6/main.jpg]
[www.warpedcigars.com/cigar-brands/9/main.jpg]
[www.warpedcigars.com/cigar-brands/9/main.jpg]
[www.warpedcigars.com/cigar-brands/2/main.jpg]
[www.warpedcigars.com/cigar-brands/2/main.jpg]
[www.warpedcigars.com/main.jpg]
[www.warpedcigars.com/gallery-mobile.jpg]
[www.warpedcigars.com/cigar-brands/lirio-rojo.html]
[www.warpedcigars.com/css/global138e.css]
[www.warpedcigars.com/img/cigar-brands/2/logo.gif]
[www.warpedcigars.com/img/cigar-brands/2/logo.gif]
[www.warpedcigars.com/img/cigar-brands/2/1.png]
[www.warpedcigars.com/img/cigar-brands/2/1.png]
[www.warpedcigars.com/img/cigar-brands/2/1-mobile.248.delayed]
[www.warpedcigars.com/img/cigar-brands/2/1-mobile.png]
[www.warpedcigars.com/img/cigar-brands/2/info.24a.delayed]
[www.warpedcigars.com/img/cigar-brands/2/info.jpg]
[www.warpedcigars.com/cigar-brands/2/info.24c.delayed]
[www.warpedcigars.com/cigar-brands/2/info.24d.delayed]
[www.warpedcigars.com/cigar-brands/2/1.24e.delayed]
[www.warpedcigars.com/cigar-brands/2/1.png]
[www.warpedcigars.com/cigar-brands/7/main.jpg]
[www.warpedcigars.com/cigar-brands/5/main.jpg]
[www.warpedcigars.com/cigar-brands/5/main.jpg]
[www.warpedcigars.com/cigar-brands/3/main.jpg]
[www.warpedcigars.com/cigar-brands/6/main.jpg]
[www.warpedcigars.com/cigar-brands/9/main.jpg]
[www.warpedcigars.com/cigar-brands/9/main.jpg]
[www.warpedcigars.com/cigar-brands/2/main.jpg]
[www.warpedcigars.com/cigar-brands/2/main.jpg]
[www.warpedcigars.com/main.jpg]
[www.warpedcigars.com/gallery-mobile.jpg]
[www.warpedcigars.com/cigar-brands/don-reynaldo.html]
[www.warpedcigars.com/css/global51b8.css]
[www.warpedcigars.com/img/cigar-brands/4/logo.gif]
[www.warpedcigars.com/img/cigar-brands/4/logo.gif]
[www.warpedcigars.com/img/cigar-brands/4/10.266.delayed]
[www.warpedcigars.com/img/cigar-brands/4/10.png]
[www.warpedcigars.com/img/cigar-brands/4/10-mobile.png]
[www.warpedcigars.com/img/cigar-brands/4/10-mobile.png]
[www.warpedcigars.com/img/cigar-brands/4/info.26a.delayed]
[www.warpedcigars.com/img/cigar-brands/4/info.jpg]
[www.warpedcigars.com/cigar-brands/4/info.26c.delayed]
[www.warpedcigars.com/cigar-brands/4/info.26d.delayed]
[www.warpedcigars.com/cigar-brands/4/10.png]
[www.warpedcigars.com/cigar-brands/4/10.png]
[www.warpedcigars.com/cigar-brands/7/main.jpg]
[www.warpedcigars.com/cigar-brands/5/main.jpg]
[www.warpedcigars.com/cigar-brands/5/main.jpg]
[www.warpedcigars.com/cigar-brands/3/main.jpg]
[www.warpedcigars.com/cigar-brands/6/main.jpg]
[www.warpedcigars.com/cigar-brands/9/main.jpg]
[www.warpedcigars.com/cigar-brands/9/main.jpg]
[www.warpedcigars.com/cigar-brands/2/main.jpg]
[www.warpedcigars.com/cigar-brands/2/main.jpg]
[www.warpedcigars.com/main.jpg]
[www.warpedcigars.com/gallery-mobile.jpg]
[www.warpedcigars.com/cigar-brands/la-relatos.html]
[www.warpedcigars.com/css/globala677.css]
[www.warpedcigars.com/css/retailers.css]
[www.warpedcigars.com/css/globald30d.css]
[www.warpedcigars.com/img/blog/thumb.jpg]
[www.warpedcigars.com/css/blog.css]
[www.warpedcigars.com/css/global.2842ad1.delayed]
[www.warpedcigars.com/blog/category/cigars.html]
[www.warpedcigars.com/css/global.286a0af.delayed]
[www.warpedcigars.com/blog/category/news.html]
[www.warpedcigars.com/css/globald5b1.css]
[www.warpedcigars.com/css/blog-post.28a6654.delayed]
[www.warpedcigars.com/js/blog-post6654.js]
[www.warpedcigars.com/js/blog-post6654.js]
[www.warpedcigars.com/blog/sky-flower-2019-retailers.html]
[www.warpedcigars.com/css/global8524.css]
[www.warpedcigars.com/img/blog/6/top.jpg]
[www.warpedcigars.com/img/blog/6/top.jpg]
[www.warpedcigars.com/blog/frequently-asked.html]
[www.warpedcigars.com/css/global.29296e2.delayed]
[www.warpedcigars.com/img/blog/5/top.294.delayed]
[www.warpedcigars.com/img/blog/5/top.jpg]
[www.warpedcigars.com/blog/return-from-tabsa.html]
[www.warpedcigars.com/css/global.296de33.delayed]
[www.warpedcigars.com/img/blog/4/top.298.delayed]
[www.warpedcigars.com/img/blog/4/top.jpg]
[www.warpedcigars.com/blog/holiday-excitement-lirio-rojo.html]
[www.warpedcigars.com/css/global.29adcb0.delayed]
[www.warpedcigars.com/img/blog/1/top.29c.delayed]
[www.warpedcigars.com/img/blog/1/top.jpg]
[www.warpedcigars.com/img/blog/1/how-to-make-cuban-coffee-or-cafe-cubano-010506f1537952515472.29e.delayed]
[www.warpedcigars.com/img/blog/1/how-to-make-cuban-coffee-or-cafe-cubano-010506f1537952515472.jpg]
[www.warpedcigars.com/img/blog/1/how-to-make-cuban-coffee-or-cafe-cubano-c1e536010309f2025483.2a0.delayed]
[www.warpedcigars.com/img/blog/1/how-to-make-cuban-coffee-or-cafe-cubano-c1e536010309f2025483.jpg]
[www.warpedcigars.com/img/blog/1/how-to-make-cuban-coffee-or-cafe-cubano-41b5c651c3a972d2b673.2a2.delayed]
[www.warpedcigars.com/img/blog/1/how-to-make-cuban-coffee-or-cafe-cubano-41b5c651c3a972d2b673.jpg]
[www.warpedcigars.com/img/blog/1/how-to-make-cuban-coffee-or-cafe-cubano-917566b1a3b9721237a5.2a4.delayed]
[www.warpedcigars.com/img/blog/1/how-to-make-cuban-coffee-or-cafe-cubano-917566b1a3b9721237a5.jpg]
[www.warpedcigars.com/img/blog/1/how-to-make-cuban-coffee-or-cafe-cubano-7165663143b9e2d2c809.2a6.delayed]
[www.warpedcigars.com/img/blog/1/how-to-make-cuban-coffee-or-cafe-cubano-7165663143b9e2d2c809.jpg]
[www.warpedcigars.com/img/blog/1/how-to-make-cuban-coffee-or-cafe-cubano-61852661e36922b3d193.2a8.delayed]
[www.warpedcigars.com/img/blog/1/how-to-make-cuban-coffee-or-cafe-cubano-61852661e36922b3d193.jpg]
[www.warpedcigars.com/img/blog/1/how-to-make-cuban-coffee-or-cafe-cubano-d12526419399e2735288.2aa.delayed]
[www.warpedcigars.com/img/blog/1/how-to-make-cuban-coffee-or-cafe-cubano-d12526419399e2735288.jpg]
[www.warpedcigars.com/img/blog/1/how-to-make-cuban-coffee-or-cafe-cubano-11b5c60183e922035581.2ac.delayed]
[www.warpedcigars.com/img/blog/1/how-to-make-cuban-coffee-or-cafe-cubano-11b5c60183e922035581.jpg]
[www.warpedcigars.com/img/blog/1/how-to-make-cuban-coffee-or-cafe-cubano-310566b19359e293f5c9.2ae.delayed]
[www.warpedcigars.com/img/blog/1/how-to-make-cuban-coffee-or-cafe-cubano-310566b19359e293f5c9.jpg]
[www.warpedcigars.com/img/blog/1/how-to-make-cuban-coffee-or-cafe-cubano-b1052651031952e39857.2b0.delayed]
[www.warpedcigars.com/img/blog/1/how-to-make-cuban-coffee-or-cafe-cubano-b1052651031952e39857.jpg]
[www.warpedcigars.com/img/blog/1/how-to-make-cuban-coffee-or-cafe-cubano-e1254661d36962a4f184.2b2.delayed]
[www.warpedcigars.com/img/blog/1/how-to-make-cuban-coffee-or-cafe-cubano-e1254661d36962a4f184.jpg]
[www.warpedcigars.com/blog/how-to-make-cuban-coffee-or-cafe-cubano.html]
[www.warpedcigars.com/css/global0b1f.css]
[www.warpedcigars.com/css/legal-terms.css]
[www.warpedcigars.com/css/global3a2d.css]
[www.warpedcigars.com/css/global8614.css]
[www.warpedcigars.com/css/global5a77.css]
[www.warpedcigars.com/img/authenticate-logo.svg]
[www.warpedcigars.com/font/fontello2adf.svg]
[www.warpedcigars.com/css/global9412.css]
[www.warpedcigars.com/css/cigar-brand.css]
[www.warpedcigars.com/css/global3a6c.css]
[www.warpedcigars.com/css/global5ffa.css]
[www.warpedcigars.com/css/globaladc9.css]
[www.warpedcigars.com/css/global1ba4.css]
[www.warpedcigars.com/css/globala431.css]
[www.warpedcigars.com/css/globalfff4.css]
[www.warpedcigars.com/css/global138e.css]
[www.warpedcigars.com/css/global51b8.css]
[www.warpedcigars.com/img/blog-footer-logo.svg]
[www.warpedcigars.com/css/global2ad1.css]
[www.warpedcigars.com/css/globala0af.css]
[www.warpedcigars.com/css/globald5b1.css]
[www.warpedcigars.com/css/blog-post6654.css]
[www.warpedcigars.com/css/global8524.css]
[www.warpedcigars.com/css/global96e2.css]
[www.warpedcigars.com/css/globalde33.css]
[www.warpedcigars.com/css/globaldcb0.css]
[www.warpedcigars.com/img/blog/blog-author-detail.svg]
